// Jest Snapshot v1, https://goo.gl/fbAQLP

exports[`With Snapshot Testing App shows "Kiubo" 1`] = `
<div>
  <h2>
    Kiubole
  </h2>
  <p>
    
  </p>
  <section>
    <button
      disabled={true}
      onClick={[Function]}
    >
       Disabled
    </button>
    <button
      disabled={false}
      onClick={[Function]}
    >
       PÃ­cale
    </button>
  </section>
</div>
`;
